EN visualizacion NULL C:/Users/alumno/Desktop/CELT_DIG_MEJ2/visualizacion.vhd sub00/vhpl22 1512056355
EN and_2 NULL C:/Users/alumno/Desktop/CELT_DIG_MEJ2/AND_2.vhd sub00/vhpl14 1512056345
AR refresco a_refresco C:/Users/alumno/Desktop/CELT_DIG_MEJ2/refresco.vhd sub00/vhpl03 1512056334
EN reg_desp40 NULL C:/Users/alumno/Desktop/CELT_DIG_MEJ2/reg_desp40.vhd sub00/vhpl08 1512056339
EN principal NULL C:/Users/alumno/Desktop/CELT_DIG_MEJ2/principal.vhd sub00/vhpl26 1512056357
AR visualizacion a_visualizacion C:/Users/alumno/Desktop/CELT_DIG_MEJ2/visualizacion.vhd sub00/vhpl23 1512056356
EN mux2x1 NULL C:/Users/alumno/Desktop/CELT_DIG_MEJ2/MUX2x1.vhd sub00/vhpl24 1512056353
AR sumador40 a_sumador40 C:/Users/alumno/Desktop/CELT_DIG_MEJ2/sumador40.vhd sub00/vhpl11 1512056342
AR mux2x1 behavioral C:/Users/alumno/Desktop/CELT_DIG_MEJ2/MUX2x1.vhd sub00/vhpl25 1512056354
EN refresco NULL C:/Users/alumno/Desktop/CELT_DIG_MEJ2/refresco.vhd sub00/vhpl02 1512056333
AR comparador a_comparador C:/Users/alumno/Desktop/CELT_DIG_MEJ2/comparador.vhd sub00/vhpl13 1512056344
EN automata NULL C:/Users/alumno/Desktop/CELT_DIG_MEJ2/automata.vhd sub00/vhpl16 1512056347
AR automata a_automata C:/Users/alumno/Desktop/CELT_DIG_MEJ2/automata.vhd sub00/vhpl17 1512056348
EN mux4x4 NULL C:/Users/alumno/Desktop/CELT_DIG_MEJ2/MUX4x4.vhd sub00/vhpl00 1512056331
AR principal a_principal C:/Users/alumno/Desktop/CELT_DIG_MEJ2/principal.vhd sub00/vhpl27 1512056358
EN decod7s NULL C:/Users/alumno/Desktop/CELT_DIG_MEJ2/decod7s.vhd sub00/vhpl04 1512056335
AR registro a_registro C:/Users/alumno/Desktop/CELT_DIG_MEJ2/registro.vhd sub00/vhpl21 1512056352
AR decod7s a_decod7s C:/Users/alumno/Desktop/CELT_DIG_MEJ2/decod7s.vhd sub00/vhpl05 1512056336
AR and_2 a_and_2 C:/Users/alumno/Desktop/CELT_DIG_MEJ2/AND_2.vhd sub00/vhpl15 1512056346
EN sumador40 NULL C:/Users/alumno/Desktop/CELT_DIG_MEJ2/sumador40.vhd sub00/vhpl10 1512056341
AR reg_desp a_reg_desp C:/Users/alumno/Desktop/CELT_DIG_MEJ2/reg_desp.vhd sub00/vhpl19 1512056350
EN comparador NULL C:/Users/alumno/Desktop/CELT_DIG_MEJ2/comparador.vhd sub00/vhpl12 1512056343
AR mux4x4 a_mux4x4 C:/Users/alumno/Desktop/CELT_DIG_MEJ2/MUX4x4.vhd sub00/vhpl01 1512056332
AR reg_desp40 a_reg_desp40 C:/Users/alumno/Desktop/CELT_DIG_MEJ2/reg_desp40.vhd sub00/vhpl09 1512056340
AR gen_reloj a_gen_reloj C:/Users/alumno/Desktop/CELT_DIG_MEJ2/gen_reloj.vhd sub00/vhpl07 1512056338
EN gen_reloj NULL C:/Users/alumno/Desktop/CELT_DIG_MEJ2/gen_reloj.vhd sub00/vhpl06 1512056337
EN reg_desp NULL C:/Users/alumno/Desktop/CELT_DIG_MEJ2/reg_desp.vhd sub00/vhpl18 1512056349
EN registro NULL C:/Users/alumno/Desktop/CELT_DIG_MEJ2/registro.vhd sub00/vhpl20 1512056351
