EN visualizacion NULL C:/Users/alumno/Desktop/CELT_DIGITAL/visualizacion.vhd sub00/vhpl22 1512055275
EN and_2 NULL C:/Users/alumno/Desktop/CELT_DIGITAL/AND_2.vhd sub00/vhpl04 1512055267
AR refresco a_refresco C:/Users/alumno/Desktop/CELT_DIGITAL/refresco.vhd sub00/vhpl09 1512055256
EN reg_desp40 NULL C:/Users/alumno/Desktop/CELT_DIGITAL/reg_desp40.vhd sub00/vhpl14 1512055261
EN principal NULL C:/Users/alumno/Desktop/CELT_DIGITAL/principal.vhd sub00/vhpl24 1512055277
AR visualizacion a_visualizacion C:/Users/alumno/Desktop/CELT_DIGITAL/visualizacion.vhd sub00/vhpl23 1512055276
AR sumador40 a_sumador40 C:/Users/alumno/Desktop/CELT_DIGITAL/sumador40.vhd sub00/vhpl17 1512055264
EN refresco NULL C:/Users/alumno/Desktop/CELT_DIGITAL/refresco.vhd sub00/vhpl08 1512055255
EN automata NULL C:/Users/alumno/Desktop/CELT_DIGITAL/automata.vhd sub00/vhpl00 1512055269
AR comparador a_comparador C:/Users/alumno/Desktop/CELT_DIGITAL/comparador.vhd sub00/vhpl03 1512055266
AR automata a_automata C:/Users/alumno/Desktop/CELT_DIGITAL/automata.vhd sub00/vhpl01 1512055270
EN mux4x4 NULL C:/Users/alumno/Desktop/CELT_DIGITAL/MUX4x4.vhd sub00/vhpl06 1512055253
AR principal a_principal C:/Users/alumno/Desktop/CELT_DIGITAL/principal.vhd sub00/vhpl25 1512055278
EN decod7s NULL C:/Users/alumno/Desktop/CELT_DIGITAL/decod7s.vhd sub00/vhpl10 1512055257
AR registro a_registro C:/Users/alumno/Desktop/CELT_DIGITAL/registro.vhd sub00/vhpl21 1512055274
AR decod7s a_decod7s C:/Users/alumno/Desktop/CELT_DIGITAL/decod7s.vhd sub00/vhpl11 1512055258
AR and_2 a_and_2 C:/Users/alumno/Desktop/CELT_DIGITAL/AND_2.vhd sub00/vhpl05 1512055268
EN sumador40 NULL C:/Users/alumno/Desktop/CELT_DIGITAL/sumador40.vhd sub00/vhpl16 1512055263
AR reg_desp a_reg_desp C:/Users/alumno/Desktop/CELT_DIGITAL/reg_desp.vhd sub00/vhpl19 1512055272
EN comparador NULL C:/Users/alumno/Desktop/CELT_DIGITAL/comparador.vhd sub00/vhpl02 1512055265
AR mux4x4 a_mux4x4 C:/Users/alumno/Desktop/CELT_DIGITAL/MUX4x4.vhd sub00/vhpl07 1512055254
AR reg_desp40 a_reg_desp40 C:/Users/alumno/Desktop/CELT_DIGITAL/reg_desp40.vhd sub00/vhpl15 1512055262
AR gen_reloj a_gen_reloj C:/Users/alumno/Desktop/CELT_DIGITAL/gen_reloj.vhd sub00/vhpl13 1512055260
EN gen_reloj NULL C:/Users/alumno/Desktop/CELT_DIGITAL/gen_reloj.vhd sub00/vhpl12 1512055259
EN reg_desp NULL C:/Users/alumno/Desktop/CELT_DIGITAL/reg_desp.vhd sub00/vhpl18 1512055271
EN registro NULL C:/Users/alumno/Desktop/CELT_DIGITAL/registro.vhd sub00/vhpl20 1512055273
