EN visualizacion NULL C:/Users/alumno/Desktop/CELT_DIG_MEJ3/visualizacion.vhd sub00/vhpl24 1512058752
EN and_2 NULL C:/Users/alumno/Desktop/CELT_DIG_MEJ3/AND_2.vhd sub00/vhpl14 1512058742
EN deco_dia_sem NULL C:/Users/alumno/Desktop/CELT_DIG_MEJ3/deco_dia_sem.vhd sub00/vhpl26 1512058754
AR refresco a_refresco C:/Users/alumno/Desktop/CELT_DIG_MEJ3/refresco.vhd sub00/vhpl03 1512058731
EN reg_desp40 NULL C:/Users/alumno/Desktop/CELT_DIG_MEJ3/reg_desp40.vhd sub00/vhpl08 1512058736
EN principal NULL C:/Users/alumno/Desktop/CELT_DIG_MEJ3/principal.vhd sub00/vhpl28 1512058756
AR visualizacion a_visualizacion C:/Users/alumno/Desktop/CELT_DIG_MEJ3/visualizacion.vhd sub00/vhpl25 1512058753
EN mux2x1 NULL C:/Users/alumno/Desktop/CELT_DIG_MEJ3/MUX2x1.vhd sub00/vhpl22 1512058750
AR sumador40 a_sumador40 C:/Users/alumno/Desktop/CELT_DIG_MEJ3/sumador40.vhd sub00/vhpl11 1512058739
AR mux2x1 behavioral C:/Users/alumno/Desktop/CELT_DIG_MEJ3/MUX2x1.vhd sub00/vhpl23 1512058751
EN refresco NULL C:/Users/alumno/Desktop/CELT_DIG_MEJ3/refresco.vhd sub00/vhpl02 1512058730
AR comparador a_comparador C:/Users/alumno/Desktop/CELT_DIG_MEJ3/comparador.vhd sub00/vhpl13 1512058741
EN automata NULL C:/Users/alumno/Desktop/CELT_DIG_MEJ3/automata.vhd sub00/vhpl16 1512058744
AR automata a_automata C:/Users/alumno/Desktop/CELT_DIG_MEJ3/automata.vhd sub00/vhpl17 1512058745
EN mux4x4 NULL C:/Users/alumno/Desktop/CELT_DIG_MEJ3/MUX4x4.vhd sub00/vhpl00 1512058728
AR principal a_principal C:/Users/alumno/Desktop/CELT_DIG_MEJ3/principal.vhd sub00/vhpl29 1512058757
EN decod7s NULL C:/Users/alumno/Desktop/CELT_DIG_MEJ3/decod7s.vhd sub00/vhpl04 1512058732
AR registro a_registro C:/Users/alumno/Desktop/CELT_DIG_MEJ3/registro.vhd sub00/vhpl21 1512058749
AR decod7s a_decod7s C:/Users/alumno/Desktop/CELT_DIG_MEJ3/decod7s.vhd sub00/vhpl05 1512058733
AR and_2 a_and_2 C:/Users/alumno/Desktop/CELT_DIG_MEJ3/AND_2.vhd sub00/vhpl15 1512058743
EN sumador40 NULL C:/Users/alumno/Desktop/CELT_DIG_MEJ3/sumador40.vhd sub00/vhpl10 1512058738
AR reg_desp a_reg_desp C:/Users/alumno/Desktop/CELT_DIG_MEJ3/reg_desp.vhd sub00/vhpl19 1512058747
EN comparador NULL C:/Users/alumno/Desktop/CELT_DIG_MEJ3/comparador.vhd sub00/vhpl12 1512058740
AR mux4x4 a_mux4x4 C:/Users/alumno/Desktop/CELT_DIG_MEJ3/MUX4x4.vhd sub00/vhpl01 1512058729
AR reg_desp40 a_reg_desp40 C:/Users/alumno/Desktop/CELT_DIG_MEJ3/reg_desp40.vhd sub00/vhpl09 1512058737
AR gen_reloj a_gen_reloj C:/Users/alumno/Desktop/CELT_DIG_MEJ3/gen_reloj.vhd sub00/vhpl07 1512058735
AR deco_dia_sem behavioral C:/Users/alumno/Desktop/CELT_DIG_MEJ3/deco_dia_sem.vhd sub00/vhpl27 1512058755
EN gen_reloj NULL C:/Users/alumno/Desktop/CELT_DIG_MEJ3/gen_reloj.vhd sub00/vhpl06 1512058734
EN reg_desp NULL C:/Users/alumno/Desktop/CELT_DIG_MEJ3/reg_desp.vhd sub00/vhpl18 1512058746
EN registro NULL C:/Users/alumno/Desktop/CELT_DIG_MEJ3/registro.vhd sub00/vhpl20 1512058748
