EN visualizacion NULL C:/Users/alumno/Desktop/CELT_DIG_MEJ/visualizacion.vhd sub00/vhpl06 1512055864
EN and_2 NULL C:/Users/alumno/Desktop/CELT_DIG_MEJ/AND_2.vhd sub00/vhpl16 1512055856
AR refresco a_refresco C:/Users/alumno/Desktop/CELT_DIG_MEJ/refresco.vhd sub00/vhpl03 1512055845
EN reg_desp40 NULL C:/Users/alumno/Desktop/CELT_DIG_MEJ/reg_desp40.vhd sub00/vhpl10 1512055850
EN principal NULL C:/Users/alumno/Desktop/CELT_DIG_MEJ/principal.vhd sub00/vhpl24 1512055866
AR visualizacion a_visualizacion C:/Users/alumno/Desktop/CELT_DIG_MEJ/visualizacion.vhd sub00/vhpl07 1512055865
AR sumador40 a_sumador40 C:/Users/alumno/Desktop/CELT_DIG_MEJ/sumador40.vhd sub00/vhpl13 1512055853
EN refresco NULL C:/Users/alumno/Desktop/CELT_DIG_MEJ/refresco.vhd sub00/vhpl02 1512055844
AR comparador a_comparador C:/Users/alumno/Desktop/CELT_DIG_MEJ/comparador.vhd sub00/vhpl15 1512055855
EN automata NULL C:/Users/alumno/Desktop/CELT_DIG_MEJ/automata.vhd sub00/vhpl18 1512055858
AR automata a_automata C:/Users/alumno/Desktop/CELT_DIG_MEJ/automata.vhd sub00/vhpl19 1512055859
EN mux4x4 NULL C:/Users/alumno/Desktop/CELT_DIG_MEJ/MUX4x4.vhd sub00/vhpl00 1512055842
AR principal a_principal C:/Users/alumno/Desktop/CELT_DIG_MEJ/principal.vhd sub00/vhpl25 1512055867
EN decod7s NULL C:/Users/alumno/Desktop/CELT_DIG_MEJ/decod7s.vhd sub00/vhpl04 1512055846
AR registro a_registro C:/Users/alumno/Desktop/CELT_DIG_MEJ/registro.vhd sub00/vhpl23 1512055863
AR decod7s a_decod7s C:/Users/alumno/Desktop/CELT_DIG_MEJ/decod7s.vhd sub00/vhpl05 1512055847
AR and_2 a_and_2 C:/Users/alumno/Desktop/CELT_DIG_MEJ/AND_2.vhd sub00/vhpl17 1512055857
EN sumador40 NULL C:/Users/alumno/Desktop/CELT_DIG_MEJ/sumador40.vhd sub00/vhpl12 1512055852
AR reg_desp a_reg_desp C:/Users/alumno/Desktop/CELT_DIG_MEJ/reg_desp.vhd sub00/vhpl21 1512055861
EN comparador NULL C:/Users/alumno/Desktop/CELT_DIG_MEJ/comparador.vhd sub00/vhpl14 1512055854
AR mux4x4 a_mux4x4 C:/Users/alumno/Desktop/CELT_DIG_MEJ/MUX4x4.vhd sub00/vhpl01 1512055843
AR reg_desp40 a_reg_desp40 C:/Users/alumno/Desktop/CELT_DIG_MEJ/reg_desp40.vhd sub00/vhpl11 1512055851
AR gen_reloj a_gen_reloj C:/Users/alumno/Desktop/CELT_DIG_MEJ/gen_reloj.vhd sub00/vhpl09 1512055849
EN gen_reloj NULL C:/Users/alumno/Desktop/CELT_DIG_MEJ/gen_reloj.vhd sub00/vhpl08 1512055848
EN reg_desp NULL C:/Users/alumno/Desktop/CELT_DIG_MEJ/reg_desp.vhd sub00/vhpl20 1512055860
EN registro NULL C:/Users/alumno/Desktop/CELT_DIG_MEJ/registro.vhd sub00/vhpl22 1512055862
